
C:\Users\Changler>cd..

C:\Users>cd..

C:\>D:

D:\>cd Git Exampless

D:\Git Exampless>cd Git Repos

D:\Git Exampless\Git Repos>git status
On branch master

No commits yet

Changes to be committed:
  (use "git rm --cached <file>..." to unstage)
        new file:   Test.txt

Untracked files:
  (use "git add <file>..." to include in what will be committed)
        Test1.txt


D:\Git Exampless\Git Repos>git log
fatal: your current branch 'master' does not have any commits yet

D:\Git Exampless\Git Repos>git commit -m "text file added to repositary"
[master (root-commit) 2ea8a29] text file added to repositary
 1 file changed, 1 insertion(+)
 create mode 100644 Test.txt

D:\Git Exampless\Git Repos>git log
commit 2ea8a29452b5b634c34108424b8fb2e63228d0e2 (HEAD -> master)
Author: RakeshVtalent <rakeshkumar.vtalent@gmail.coom>
Date:   Mon Aug 26 17:15:18 2019 +0530

    text file added to repositary

D:\Git Exampless\Git Repos>git Add "Test1"
fatal: cannot handle Add as a builtin

D:\Git Exampless\Git Repos>git add "Test" "Test1"
fatal: pathspec 'Test' did not match any files

D:\Git Exampless\Git Repos>git add "Test1.txt"

D:\Git Exampless\Git Repos>git status
On branch master
Changes to be committed:
  (use "git restore --staged <file>..." to unstage)
        new file:   Test1.txt


D:\Git Exampless\Git Repos>git add "Test.txt" "Test.txt"

D:\Git Exampless\Git Repos>git status
On branch master
Changes to be committed:
  (use "git restore --staged <file>..." to unstage)
        new file:   Test1.txt


D:\Git Exampless\Git Repos>git status
On branch master
Changes to be committed:
  (use "git restore --staged <file>..." to unstage)
        new file:   Test1.txt

Untracked files:
  (use "git add <file>..." to include in what will be committed)
        Test3.txt
        Test4.txt


D:\Git Exampless\Git Repos>git add "Test3.txt" "Test4.txt"

D:\Git Exampless\Git Repos>git status
On branch master
Changes to be committed:
  (use "git restore --staged <file>..." to unstage)
        new file:   Test1.txt
        new file:   Test3.txt
        new file:   Test4.txt


D:\Git Exampless\Git Repos>git commit -m "test2, test3 and test4 files added"
[master ad98b1c] test2, test3 and test4 files added
 3 files changed, 3 insertions(+)
 create mode 100644 Test1.txt
 create mode 100644 Test3.txt
 create mode 100644 Test4.txt

D:\Git Exampless\Git Repos>git log
commit ad98b1c75a9b221e339f2340c7dee2fc585dd096 (HEAD -> master)
Author: RakeshVtalent <rakeshkumar.vtalent@gmail.coom>
Date:   Mon Aug 26 17:25:58 2019 +0530

    test2, test3 and test4 files added

commit 2ea8a29452b5b634c34108424b8fb2e63228d0e2
Author: RakeshVtalent <rakeshkumar.vtalent@gmail.coom>
Date:   Mon Aug 26 17:15:18 2019 +0530

    text file added to repositary

D:\Git Exampless\Git Repos>git log
commit ad98b1c75a9b221e339f2340c7dee2fc585dd096 (HEAD -> master)
Author: RakeshVtalent <rakeshkumar.vtalent@gmail.coom>
Date:   Mon Aug 26 17:25:58 2019 +0530

    test2, test3 and test4 files added

commit 2ea8a29452b5b634c34108424b8fb2e63228d0e2
Author: RakeshVtalent <rakeshkumar.vtalent@gmail.coom>
Date:   Mon Aug 26 17:15:18 2019 +0530

    text file added to repositary

D:\Git Exampless\Git Repos>git status
On branch master
Changes not staged for commit:
  (use "git add <file>..." to update what will be committed)
  (use "git restore <file>..." to discard changes in working directory)
        modified:   Test3.txt

no changes added to commit (use "git add" and/or "git commit -a")

D:\Git Exampless\Git Repos>git commit -m "Test3 file modified"
On branch master
Changes not staged for commit:
        modified:   Test3.txt

no changes added to commit

D:\Git Exampless\Git Repos>git status
On branch master
Changes not staged for commit:
  (use "git add <file>..." to update what will be committed)
  (use "git restore <file>..." to discard changes in working directory)
        modified:   Test3.txt

no changes added to commit (use "git add" and/or "git commit -a")

D:\Git Exampless\Git Repos>git log
commit ad98b1c75a9b221e339f2340c7dee2fc585dd096 (HEAD -> master)
Author: RakeshVtalent <rakeshkumar.vtalent@gmail.coom>
Date:   Mon Aug 26 17:25:58 2019 +0530

    test2, test3 and test4 files added

commit 2ea8a29452b5b634c34108424b8fb2e63228d0e2
Author: RakeshVtalent <rakeshkumar.vtalent@gmail.coom>
Date:   Mon Aug 26 17:15:18 2019 +0530

    text file added to repositary

D:\Git Exampless\Git Repos>git commit -m "test3 file modified"
On branch master
Changes not staged for commit:
        modified:   Test3.txt

no changes added to commit

D:\Git Exampless\Git Repos>git remote add origin "https://github.com/RakeshVtale
nt/TestRepo1.git"

D:\Git Exampless\Git Repos>git version
git version 2.23.0.windows.1

D:\Git Exampless\Git Repos>git version -v
error: unknown switch `v'
usage: git version [<options>]

    --build-options       also print build options


D:\Git Exampless\Git Repos>git origin -v
git: 'origin' is not a git command. See 'git --help'.

D:\Git Exampless\Git Repos>git remote -v
origin  https://github.com/RakeshVtalent/TestRepo1.git (fetch)
origin  https://github.com/RakeshVtalent/TestRepo1.git (push)

D:\Git Exampless\Git Repos>git push origin master
Enumerating objects: 6, done.
Counting objects: 100% (6/6), done.
Delta compression using up to 4 threads
Compressing objects: 100% (3/3), done.
Writing objects: 100% (6/6), 541 bytes | 135.00 KiB/s, done.
Total 6 (delta 0), reused 0 (delta 0)
To https://github.com/RakeshVtalent/TestRepo1.git
 * [new branch]      master -> master

D:\Git Exampless\Git Repos>git pull origin master
remote: Enumerating objects: 5, done.
remote: Counting objects: 100% (5/5), done.
remote: Compressing objects: 100% (2/2), done.
remote: Total 3 (delta 1), reused 0 (delta 0), pack-reused 0
Unpacking objects: 100% (3/3), done.
From https://github.com/RakeshVtalent/TestRepo1
 * branch            master     -> FETCH_HEAD
   ad98b1c..7fd0dfd  master     -> origin/master
Updating ad98b1c..7fd0dfd
Fast-forward
 Test1.txt | 3 ++-
 1 file changed, 2 insertions(+), 1 deletion(-)

D:\Git Exampless\Git Repos>git fetch origin master
remote: Enumerating objects: 5, done.
remote: Counting objects: 100% (5/5), done.
remote: Compressing objects: 100% (3/3), done.
remote: Total 3 (delta 0), reused 0 (delta 0), pack-reused 0
Unpacking objects: 100% (3/3), done.
From https://github.com/RakeshVtalent/TestRepo1
 * branch            master     -> FETCH_HEAD
   7fd0dfd..a29de9b  master     -> origin/master

D:\Git Exampless\Git Repos>git merge origin/master
Updating 7fd0dfd..a29de9b
Fast-forward
 Test.txt | 3 ++-
 1 file changed, 2 insertions(+), 1 deletion(-)

D:\Git Exampless\Git Repos>